
[1m[7m[36m RUN [39m[27m[22m [36mv2.1.9 [39m[90mC:/new code/AuthHub/backend[39m

 [31mÔØ»[39m src/tests/auth.test.ts [2m([22m[2m0 test[22m[2m)[22m
 [31mÔØ»[39m src/tests/crypto.test.ts [2m([22m[2m9 tests[22m[2m | [22m[31m4 failed[39m[2m)[22m[33m 950[2mms[22m[39m
   [33m[2mÔ£ô[22m[39m hashPassword / verifyPassword[2m > [22mhashes and verifies a correct password [33m415[2mms[22m[39m
[31m   [31m├ù[31m generateTokens / verifyToken[2m > [22mgenerates tokens that verify successfully[90m 10[2mms[22m[31m[39m
[31m     ÔåÆ JWT_PRIVATE_KEY is not defined[39m
[31m   [31m├ù[31m generateTokens / verifyToken[2m > [22maccess token contains expected claims[90m 2[2mms[22m[31m[39m
[31m     ÔåÆ JWT_PRIVATE_KEY is not defined[39m
[31m   [31m├ù[31m generateTokens / verifyToken[2m > [22mrefresh token embeds sessionId[90m 1[2mms[22m[31m[39m
[31m     ÔåÆ JWT_PRIVATE_KEY is not defined[39m
[31m   [31m├ù[31m generateTokens / verifyToken[2m > [22mrejects a tampered token[90m 1[2mms[22m[31m[39m
[31m     ÔåÆ JWT_PRIVATE_KEY is not defined[39m

node.exe : [31mÔÄ»ÔÄ»ÔÄ»ÔÄ»ÔÄ»ÔÄ»[1m[7m 
Failed Suites 1 
[27m[22mÔÄ»ÔÄ»ÔÄ»ÔÄ»ÔÄ»ÔÄ»ÔÄ»[39m
At C:\Program Files\nodejs\npx.ps1:29 char:3
+   & $NODE_EXE $NPX_CLI_JS $args
+   ~~~~~~~~~~~~~~~~~~~~~~~~~~~~~
    + CategoryInfo          : NotSpecified: ([ 
   31mÔÄ»ÔÄ»ÔÄ»Ô...»ÔÄ»ÔÄ»ÔÄ»[39m:String) [],  
   RemoteException
    + FullyQualifiedErrorId : NativeCommandErro 
   r
 

[31m[1m[7m FAIL [27m[22m[39m 
src/tests/auth.test.ts[2m [ 
src/tests/auth.test.ts ][22m
[31m[1mError[22m: Failed to load url 
../../index.js (resolved id: ../../index.js) in 
C:/new 
code/AuthHub/backend/src/tests/auth.test.ts. 
Does the file exist?[39m
[90m [2mÔØ»[22m loadAndTransform ../../../new
%20code/AuthHub/backend/node_modules/vite/dist/n
ode/chunks/dep-BK3b2jBa.js:[2m51969:17[22m[39
m

[31m[2mÔÄ»ÔÄ»ÔÄ»ÔÄ»ÔÄ»ÔÄ»ÔÄ»ÔÄ»ÔÄ»ÔÄ»ÔÄ»ÔÄ»ÔÄ»
ÔÄ»ÔÄ»ÔÄ»ÔÄ»ÔÄ»ÔÄ»ÔÄ»ÔÄ»ÔÄ»ÔÄ»ÔÄ»[1/5]ÔÄ»[22m[
39m

[31mÔÄ»ÔÄ»ÔÄ»ÔÄ»ÔÄ»ÔÄ»ÔÄ»[1m[7m Failed Tests 
4 [27m[22mÔÄ»ÔÄ»ÔÄ»ÔÄ»ÔÄ»ÔÄ»ÔÄ»[39m

[31m[1m[7m FAIL [27m[22m[39m 
src/tests/crypto.test.ts[2m > 
[22mgenerateTokens / verifyToken[2m > 
[22mgenerates tokens that verify successfully
[31m[1mError[22m: JWT_PRIVATE_KEY is not 
defined[39m
[36m [2mÔØ»[22m getPrivateKey 
src/core/crypto.ts:[2m32:29[22m[39m
    [90m 30| [39m[35mconst[39m 
getPrivateKey [33m=[39m [35masync[39m () 
[33m=>[39m {
    [90m 31| [39m  [35mif[39m (privateKey) 
[35mreturn[39m privateKey[33m;[39m
    [90m 32| [39m  [35mif[39m 
([33m![39mprivateKeyPem) [35mthrow[39m 
[35mnew[39m 
[33mError[39m([32m"JWT_PRIVATE_KEY is not 
defined"[39mÔÇª
    [90m   | [39m                            
[31m^[39m
    [90m 33| [39m  privateKey [33m=[39m 
[35mawait[39m jose[33m.[39m[34mimportPKCS8
[39m(privateKeyPem[33m,[39m 
[32m"RS256"[39m)[33m;[39m
    [90m 34| [39m  [35mreturn[39m 
privateKey[33m;[39m
[90m [2mÔØ»[22m Module.generateTokens 
src/core/crypto.ts:[2m52:21[22m[39m
[90m [2mÔØ»[22m 
src/tests/crypto.test.ts:[2m39:49[22m[39m

[31m[2mÔÄ»ÔÄ»ÔÄ»ÔÄ»ÔÄ»ÔÄ»ÔÄ»ÔÄ»ÔÄ»ÔÄ»ÔÄ»ÔÄ»ÔÄ»
ÔÄ»ÔÄ»ÔÄ»ÔÄ»ÔÄ»ÔÄ»ÔÄ»ÔÄ»ÔÄ»ÔÄ»ÔÄ»[2/5]ÔÄ»[22m[
39m

[31m[1m[7m FAIL [27m[22m[39m 
src/tests/crypto.test.ts[2m > 
[22mgenerateTokens / verifyToken[2m > 
[22maccess token contains expected claims
[31m[1mError[22m: JWT_PRIVATE_KEY is not 
defined[39m
[36m [2mÔØ»[22m getPrivateKey 
src/core/crypto.ts:[2m32:29[22m[39m
    [90m 30| [39m[35mconst[39m 
getPrivateKey [33m=[39m [35masync[39m () 
[33m=>[39m {
    [90m 31| [39m  [35mif[39m (privateKey) 
[35mreturn[39m privateKey[33m;[39m
    [90m 32| [39m  [35mif[39m 
([33m![39mprivateKeyPem) [35mthrow[39m 
[35mnew[39m 
[33mError[39m([32m"JWT_PRIVATE_KEY is not 
defined"[39mÔÇª
    [90m   | [39m                            
[31m^[39m
    [90m 33| [39m  privateKey [33m=[39m 
[35mawait[39m jose[33m.[39m[34mimportPKCS8
[39m(privateKeyPem[33m,[39m 
[32m"RS256"[39m)[33m;[39m
    [90m 34| [39m  [35mreturn[39m 
privateKey[33m;[39m
[90m [2mÔØ»[22m Module.generateTokens 
src/core/crypto.ts:[2m52:21[22m[39m
[90m [2mÔØ»[22m 
src/tests/crypto.test.ts:[2m48:35[22m[39m

[31m[2mÔÄ»ÔÄ»ÔÄ»ÔÄ»ÔÄ»ÔÄ»ÔÄ»ÔÄ»ÔÄ»ÔÄ»ÔÄ»ÔÄ»ÔÄ»
ÔÄ»ÔÄ»ÔÄ»ÔÄ»ÔÄ»ÔÄ»ÔÄ»ÔÄ»ÔÄ»ÔÄ»ÔÄ»[3/5]ÔÄ»[22m[
39m

[31m[1m[7m FAIL [27m[22m[39m 
src/tests/crypto.test.ts[2m > 
[22mgenerateTokens / verifyToken[2m > 
[22mrefresh token embeds sessionId
[31m[1mError[22m: JWT_PRIVATE_KEY is not 
defined[39m
[36m [2mÔØ»[22m getPrivateKey 
src/core/crypto.ts:[2m32:29[22m[39m
    [90m 30| [39m[35mconst[39m 
getPrivateKey [33m=[39m [35masync[39m () 
[33m=>[39m {
    [90m 31| [39m  [35mif[39m (privateKey) 
[35mreturn[39m privateKey[33m;[39m
    [90m 32| [39m  [35mif[39m 
([33m![39mprivateKeyPem) [35mthrow[39m 
[35mnew[39m 
[33mError[39m([32m"JWT_PRIVATE_KEY is not 
defined"[39mÔÇª
    [90m   | [39m                            
[31m^[39m
    [90m 33| [39m  privateKey [33m=[39m 
[35mawait[39m jose[33m.[39m[34mimportPKCS8
[39m(privateKeyPem[33m,[39m 
[32m"RS256"[39m)[33m;[39m
    [90m 34| [39m  [35mreturn[39m 
privateKey[33m;[39m
[90m [2mÔØ»[22m Module.generateTokens 
src/core/crypto.ts:[2m52:21[22m[39m
[90m [2mÔØ»[22m 
src/tests/crypto.test.ts:[2m58:36[22m[39m

[31m[2mÔÄ»ÔÄ»ÔÄ»ÔÄ»ÔÄ»ÔÄ»ÔÄ»ÔÄ»ÔÄ»ÔÄ»ÔÄ»ÔÄ»ÔÄ»
ÔÄ»ÔÄ»ÔÄ»ÔÄ»ÔÄ»ÔÄ»ÔÄ»ÔÄ»ÔÄ»ÔÄ»ÔÄ»[4/5]ÔÄ»[22m[
39m

[31m[1m[7m FAIL [27m[22m[39m 
src/tests/crypto.test.ts[2m > 
[22mgenerateTokens / verifyToken[2m > 
[22mrejects a tampered token
[31m[1mError[22m: JWT_PRIVATE_KEY is not 
defined[39m
[36m [2mÔØ»[22m getPrivateKey 
src/core/crypto.ts:[2m32:29[22m[39m
    [90m 30| [39m[35mconst[39m 
getPrivateKey [33m=[39m [35masync[39m () 
[33m=>[39m {
    [90m 31| [39m  [35mif[39m (privateKey) 
[35mreturn[39m privateKey[33m;[39m
    [90m 32| [39m  [35mif[39m 
([33m![39mprivateKeyPem) [35mthrow[39m 
[35mnew[39m 
[33mError[39m([32m"JWT_PRIVATE_KEY is not 
defined"[39mÔÇª
    [90m   | [39m                            
[31m^[39m
    [90m 33| [39m  privateKey [33m=[39m 
[35mawait[39m jose[33m.[39m[34mimportPKCS8
[39m(privateKeyPem[33m,[39m 
[32m"RS256"[39m)[33m;[39m
    [90m 34| [39m  [35mreturn[39m 
privateKey[33m;[39m
[90m [2mÔØ»[22m Module.generateTokens 
src/core/crypto.ts:[2m52:21[22m[39m
[90m [2mÔØ»[22m 
src/tests/crypto.test.ts:[2m65:35[22m[39m

[31m[2mÔÄ»ÔÄ»ÔÄ»ÔÄ»ÔÄ»ÔÄ»ÔÄ»ÔÄ»ÔÄ»ÔÄ»ÔÄ»ÔÄ»ÔÄ»
ÔÄ»ÔÄ»ÔÄ»ÔÄ»ÔÄ»ÔÄ»ÔÄ»ÔÄ»ÔÄ»ÔÄ»ÔÄ»[5/5]ÔÄ»[22m[
39m

[2m Test Files [22m [1m[31m2 failed[39m[22m[90m (2)[39m
[2m      Tests [22m [1m[31m4 failed[39m[22m[2m | [22m[1m[32m5 passed[39m[22m[90m (9)[39m
[2m   Start at [22m 22:59:04
[2m   Duration [22m 2.47s[2m (transform 286ms, setup 0ms, collect 437ms, tests 950ms, environment 2ms, prepare 741ms)[22m

